// Jest Snapshot v1, https://goo.gl/fbAQLP

exports[`AboutView Genera un snapshot de la vista AboutView 1`] = `<div></div>`;
